0 #1 has taken a fork
0 #1 has taken a fork
0 #1 is eating
200 #1 is sleeping
300 #1 is thinking
311 #1 has died
